ast.DeclarationList(3,0)
  ast.ArrayDeclaration(3,0)[Symbol(x)]
  ast.FunctionDefinition(5,0)[Symbol(main), []]
    ast.StatementList(6,2)
      ast.Call(6,2)[Symbol(println)]
