ast.DeclarationList(3,0)
  ast.FunctionDefinition(3,0)[Symbol(main), []]
    ast.StatementList(4,2)
      ast.IfElseBranch(4,2)
        ast.LiteralBool(4,10)[TRUE]
        ast.StatementList(5,4)
          ast.Call(5,4)[Symbol(printInt)]
            ast.LiteralInt(5,15)[5]
        ast.StatementList(4,2)
