Error type-checking file.
TypeError(4,11)[cannot compute int and int]
TypeError(4,2)[Function andInt returns bool not ErrorType(cannot compute int and int).]
