Error type-checking file.
TypeError(3,0)[Function main has invalid signature.]
