Error type-checking file.
TypeError(3,0)[Array x has invalid base type void.]
