Error type-checking file.
TypeError(7,2)[IfElseBranch requires bool condition not int.]
