program
  declarationList
    declaration
      variableDeclaration
        type
    declaration
      functionDefinition
        parameterList
        type
        statementBlock
          statementList
            statement
              ifStatement
                expression0
                  expression1
                    expression2
                      expression3
                        expression0
                          expression1
                            expression2
                              expression3
                                literal
                statementBlock
                  statementList
                    statement
                      ifStatement
                        expression0
                          expression1
                            expression2
                              expression3
                                expression0
                                  expression1
                                    expression2
                                      expression3
                                        literal
                        statementBlock
                          statementList
                            statement
                              whileStatement
                                expression0
                                  expression1
                                    expression2
                                      expression3
                                        expression0
                                          expression1
                                            expression2
                                              expression3
                                                literal
                                statementBlock
                                  statementList
                                    statement
                                      assignmentStatement
                                        designator
                                        expression0
                                          expression1
                                            expression2
                                              expression3
                                                literal
