program
  declarationList
    declaration
      functionDefinition
        parameterList
        type
        statementBlock
          statementList
            statement
              variableDeclaration
                type
            statement
              assignmentStatement
                designator
                expression0
                  expression1
                    expression2
                      expression3
                        expression3
                          designator
                      op2
                      expression3
                        literal
