program
  declarationList
    declaration
      functionDefinition
        parameterList
        type
        statementBlock
          statementList
            statement
              variableDeclaration
                type
            statement
              variableDeclaration
                type
            statement
              callStatement
                callExpression
                  expressionList
                    expression0
                      expression1
                        expression2
                          expression3
                            designator
                      op0
                      expression1
                        expression2
                          expression3
                            designator
            statement
              callStatement
                callExpression
                  expressionList
                    expression0
                      expression1
                        expression2
                          expression3
                            designator
                      op0
                      expression1
                        expression2
                          expression3
                            designator
            statement
              callStatement
                callExpression
                  expressionList
                    expression0
                      expression1
                        expression2
                          expression3
                            designator
                      op0
                      expression1
                        expression2
                          expression3
                            designator
            statement
              callStatement
                callExpression
                  expressionList
                    expression0
                      expression1
                        expression2
                          expression3
                            designator
                      op0
                      expression1
                        expression2
                          expression3
                            designator
            statement
              callStatement
                callExpression
                  expressionList
                    expression0
                      expression1
                        expression2
                          expression3
                            designator
                      op0
                      expression1
                        expression2
                          expression3
                            designator
            statement
              callStatement
                callExpression
                  expressionList
                    expression0
                      expression1
                        expression2
                          expression3
                            designator
                      op0
                      expression1
                        expression2
                          expression3
                            designator
