program
  declarationList
    declaration
      functionDefinition
        parameterList
        type
        statementBlock
          statementList
            statement
              variableDeclaration
                type
            statement
              ifStatement
                expression0
                  expression1
                    expression2
                      expression3
                        expression0
                          expression1
                            expression2
                              expression3
                                literal
                statementBlock
                  statementList
                    statement
                      variableDeclaration
                        type
                    statement
                      callStatement
                        callExpression
                          expressionList
