program
  declarationList
    declaration
      arrayDeclaration
        type
    declaration
      arrayDeclaration
        type
    declaration
      functionDefinition
        parameterList
        type
        statementBlock
          statementList
            statement
              assignmentStatement
                designator
                  expression0
                    expression1
                      expression2
                        expression3
                          literal
                expression0
                  expression1
                    expression2
                      expression3
                        literal
            statement
              assignmentStatement
                designator
                  expression0
                    expression1
                      expression2
                        expression3
                          designator
                            expression0
                              expression1
                                expression2
                                  expression3
                                    literal
                expression0
                  expression1
                    expression2
                      expression3
                        literal
            statement
              callStatement
                callExpression
                  expressionList
                    expression0
                      expression1
                        expression2
                          expression3
                            designator
                              expression0
                                expression1
                                  expression2
                                    expression3
                                      literal
