program
  declarationList
    declaration
      variableDeclaration
        type
    declaration
      functionDefinition
        parameterList
        type
        statementBlock
          statementList
            statement
              assignmentStatement
                designator
                expression0
                  expression1
                    expression2
                      expression3
                        callExpression
                          expressionList
            statement
              callStatement
                callExpression
                  expressionList
                    expression0
                      expression1
                        expression2
                          expression3
                            designator
