program
  declarationList
    declaration
      functionDefinition
        parameterList
          parameter
            type
          parameter
            type
          parameter
            type
          parameter
            type
          parameter
            type
          parameter
            type
          parameter
            type
          parameter
            type
          parameter
            type
        type
        statementBlock
          statementList
            statement
              callStatement
                callExpression
                  expressionList
                    expression0
                      expression1
                        expression2
                          expression3
                            designator
            statement
              callStatement
                callExpression
                  expressionList
            statement
              callStatement
                callExpression
                  expressionList
                    expression0
                      expression1
                        expression2
                          expression3
                            designator
            statement
              callStatement
                callExpression
                  expressionList
            statement
              callStatement
                callExpression
                  expressionList
                    expression0
                      expression1
                        expression2
                          expression3
                            designator
            statement
              callStatement
                callExpression
                  expressionList
            statement
              callStatement
                callExpression
                  expressionList
                    expression0
                      expression1
                        expression2
                          expression3
                            designator
            statement
              callStatement
                callExpression
                  expressionList
            statement
              callStatement
                callExpression
                  expressionList
                    expression0
                      expression1
                        expression2
                          expression3
                            designator
            statement
              callStatement
                callExpression
                  expressionList
            statement
              callStatement
                callExpression
                  expressionList
                    expression0
                      expression1
                        expression2
                          expression3
                            designator
            statement
              callStatement
                callExpression
                  expressionList
            statement
              callStatement
                callExpression
                  expressionList
                    expression0
                      expression1
                        expression2
                          expression3
                            designator
            statement
              callStatement
                callExpression
                  expressionList
            statement
              callStatement
                callExpression
                  expressionList
                    expression0
                      expression1
                        expression2
                          expression3
                            designator
            statement
              callStatement
                callExpression
                  expressionList
            statement
              callStatement
                callExpression
                  expressionList
                    expression0
                      expression1
                        expression2
                          expression3
                            designator
            statement
              callStatement
                callExpression
                  expressionList
    declaration
      functionDefinition
        parameterList
        type
        statementBlock
          statementList
            statement
              callStatement
                callExpression
                  expressionList
                    expression0
                      expression1
                        expression2
                          expression3
                            literal
                    expression0
                      expression1
                        expression2
                          expression3
                            literal
                    expression0
                      expression1
                        expression2
                          expression3
                            literal
                    expression0
                      expression1
                        expression2
                          expression3
                            literal
                    expression0
                      expression1
                        expression2
                          expression3
                            literal
                    expression0
                      expression1
                        expression2
                          expression3
                            literal
                    expression0
                      expression1
                        expression2
                          expression3
                            literal
                    expression0
                      expression1
                        expression2
                          expression3
                            literal
                    expression0
                      expression1
                        expression2
                          expression3
                            literal
