program
  declarationList
    declaration
      functionDefinition
        parameterList
          parameter
            type
        type
        statementBlock
          statementList
            statement
              ifStatement
                expression0
                  expression1
                    expression2
                      expression3
                        expression0
                          expression1
                            expression2
                              expression3
                                designator
                          op0
                          expression1
                            expression2
                              expression3
                                literal
                statementBlock
                  statementList
                    statement
                      returnStatement
                        expression0
                          expression1
                            expression2
                              expression3
                                literal
            statement
              returnStatement
                expression0
                  expression1
                    expression2
                      expression3
                        callExpression
                          expressionList
                            expression0
                              expression1
                                expression2
                                  expression3
                                    designator
                                op1
                                expression2
                                  expression3
                                    literal
                    op1
                    expression2
                      expression3
                        callExpression
                          expressionList
                            expression0
                              expression1
                                expression2
                                  expression3
                                    designator
                                op1
                                expression2
                                  expression3
                                    literal
    declaration
      functionDefinition
        parameterList
        type
        statementBlock
          statementList
            statement
              callStatement
                callExpression
                  expressionList
                    expression0
                      expression1
                        expression2
                          expression3
                            callExpression
                              expressionList
                                expression0
                                  expression1
                                    expression2
                                      expression3
                                        literal
