program
  declarationList
    declaration
      functionDefinition
        parameterList
          parameter
            type
          parameter
            type
        type
        statementBlock
          statementList
            statement
              returnStatement
                expression0
                  expression1
                    expression2
                      expression3
                        designator
                  op0
                  expression1
                    expression2
                      expression3
                        designator
    declaration
      functionDefinition
        parameterList
          parameter
            type
          parameter
            type
        type
        statementBlock
          statementList
            statement
              returnStatement
                expression0
                  expression1
                    expression2
                      expression3
                        designator
                  op0
                  expression1
                    expression2
                      expression3
                        designator
    declaration
      functionDefinition
        parameterList
          parameter
            type
          parameter
            type
        type
        statementBlock
          statementList
            statement
              returnStatement
                expression0
                  expression1
                    expression2
                      expression3
                        designator
                  op0
                  expression1
                    expression2
                      expression3
                        designator
    declaration
      functionDefinition
        parameterList
        type
        statementBlock
          statementList
            statement
              callStatement
                callExpression
                  expressionList
                    expression0
                      expression1
                        expression2
                          expression3
                            literal
