program
  declarationList
    declaration
      functionDefinition
        parameterList
        type
        statementBlock
          statementList
            statement
              variableDeclaration
                type
            statement
              callStatement
                callExpression
                  expressionList
