program
  declarationList
    declaration
      variableDeclaration
        type
    declaration
      variableDeclaration
        type
    declaration
      variableDeclaration
        type
    declaration
      variableDeclaration
        type
