program
  declarationList
    declaration
      functionDefinition
        parameterList
        type
        statementBlock
          statementList
            statement
              whileStatement
                expression0
                  expression1
                    expression2
                      expression3
                        literal
                statementBlock
                  statementList
                    statement
                      ifStatement
                        expression0
                          expression1
                            expression2
                              expression3
                                literal
                        statementBlock
                          statementList
                            statement
                              ifStatement
                                expression0
                                  expression1
                                    expression2
                                      expression3
                                        literal
                                statementBlock
                                  statementList
                                    statement
                                      whileStatement
                                        expression0
                                          expression1
                                            expression2
                                              expression3
                                                designator
                                        statementBlock
                                          statementList
                                            statement
                                              callStatement
                                                callExpression
                                                  expressionList
                                statementBlock
                                  statementList
                                    statement
                                      callStatement
                                        callExpression
                                          expressionList
                    statement
                      callStatement
                        callExpression
                          expressionList
            statement
              callStatement
                callExpression
                  expressionList
