program
  declarationList
    declaration
      functionDefinition
        parameterList
        type
        statementBlock
          statementList
            statement
              whileStatement
                expression0
                  expression1
                    expression2
                      expression3
                        expression0
                          expression1
                            expression2
                              expression3
                                literal
                statementBlock
                  statementList
                    statement
                      callStatement
                        callExpression
                          expressionList
            statement
              whileStatement
                expression0
                  expression1
                    expression2
                      expression3
                        literal
                    op1
                    expression2
                      expression3
                        literal
                statementBlock
                  statementList
                    statement
                      callStatement
                        callExpression
                          expressionList
