program
  declarationList
    declaration
      functionDefinition
        parameterList
        type
        statementBlock
          statementList
            statement
              ifStatement
                expression0
                  expression1
                    expression2
                      expression3
                        designator
                  op0
                  expression1
                    expression2
                      expression3
                        designator
                statementBlock
                  statementList
                    statement
                      callStatement
                        callExpression
                          expressionList
            statement
              ifStatement
                expression0
                  expression1
                    expression2
                      expression3
                        expression0
                          expression1
                            expression2
                              expression3
                                designator
                          op0
                          expression1
                            expression2
                              expression3
                                designator
                statementBlock
                  statementList
                    statement
                      callStatement
                        callExpression
                          expressionList
            statement
              ifStatement
                expression0
                  expression1
                    expression2
                      expression3
                        expression0
                          expression1
                            expression2
                              expression3
                                expression0
                                  expression1
                                    expression2
                                      expression3
                                        expression0
                                          expression1
                                            expression2
                                              expression3
                                                expression0
                                                  expression1
                                                    expression2
                                                      expression3
                                                        designator
                                                      op2
                                                      expression3
                                                        designator
                statementBlock
                  statementList
                    statement
                      callStatement
                        callExpression
                          expressionList
                statementBlock
                  statementList
                    statement
                      callStatement
                        callExpression
                          expressionList
            statement
              callStatement
                callExpression
                  expressionList
